default-hostname
*** Reading remote logs from Cloud Logging.
[2025-12-16, 07:30:36 UTC] {local_task_job_runner.py:123} ▶ Pre task execution logs
[2025-12-16, 07:30:38 UTC] {wklt_FINANCE_100_500_O_FTV_MNTHLY_LIS.py:301} INFO - gcs_bucket_name: gs://gk1v-ple-edwdo-0-usre-outbound
[2025-12-16, 07:30:38 UTC] {wklt_FINANCE_100_500_O_FTV_MNTHLY_LIS.py:302} INFO - gcs_object_path: 
[2025-12-16, 07:30:38 UTC] {base.py:84} INFO - Retrieving connection 'sa-vz-it-gk1v-edwdo-0-app'
[2025-12-16, 07:30:38 UTC] {credentials_provider.py:410} INFO - Getting connection using `google.auth.default()` since no explicit credentials are provided.
[2025-12-16, 07:30:38 UTC] {wklt_FINANCE_100_500_O_FTV_MNTHLY_LIS.py:346} INFO - Starting file availability and size validation...
[2025-12-16, 07:30:38 UTC] {wklt_FINANCE_100_500_O_FTV_MNTHLY_LIS.py:378} ERROR - GCS processing FAILED: FileNotFoundError: Data file not available: ftv1_vf_billable_lines.out. GCS Error: 404 GET https://storage.googleapis.com/storage/v1/b/gk1v-ple-edwdo-0-usre-outbound/o/MDR_FEEDS%2FFINANCE%2FData%2Fftv1_vf_billable_lines.out?projection=noAcl&prettyPrint=false: No such object: gk1v-ple-edwdo-0-usre-outbound/MDR_FEEDS/FINANCE/Data/ftv1_vf_billable_lines.out
Traceback (most recent call last):
  File "/home/airflow/gcs/dags/vz-it-gk1v-edwdo-0/MDR_Billing/wkfl_FINANCE_100_500_O_FTV_MNTHLY_LIS/taskGroups/wklt_FINANCE_100_500_O_FTV_MNTHLY_LIS/wklt_FINANCE_100_500_O_FTV_MNTHLY_LIS.py", line 349, in gcs_file_processor
    INIT_FILE_BLOB.reload(client=storage_client)
  File "/opt/python3.11/lib/python3.11/site-packages/google/cloud/storage/_helpers.py", line 303, in reload
    api_response = client._get_resource(
                   ^^^^^^^^^^^^^^^^^^^^^
  File "/opt/python3.11/lib/python3.11/site-packages/google/cloud/storage/client.py", line 474, in _get_resource
    return self._connection.api_request(
           ^^^^^^^^^^^^^^^^^^^^^^^^^^^^^
  File "/opt/python3.11/lib/python3.11/site-packages/google/cloud/storage/_http.py", line 90, in api_request
    return call()
           ^^^^^^
  File "/opt/python3.11/lib/python3.11/site-packages/google/api_core/retry/retry_unary.py", line 294, in retry_wrapped_func
    return retry_target(
           ^^^^^^^^^^^^^
  File "/opt/python3.11/lib/python3.11/site-packages/google/api_core/retry/retry_unary.py", line 156, in retry_target
    next_sleep = _retry_error_helper(
                 ^^^^^^^^^^^^^^^^^^^^
  File "/opt/python3.11/lib/python3.11/site-packages/google/api_core/retry/retry_base.py", line 214, in _retry_error_helper
    raise final_exc from source_exc
  File "/opt/python3.11/lib/python3.11/site-packages/google/api_core/retry/retry_unary.py", line 147, in retry_target
    result = target()
             ^^^^^^^^
  File "/opt/python3.11/lib/python3.11/site-packages/google/cloud/_http/__init__.py", line 494, in api_request
    raise exceptions.from_http_response(response)
google.api_core.exceptions.NotFound: 404 GET https://storage.googleapis.com/storage/v1/b/gk1v-ple-edwdo-0-usre-outbound/o/MDR_FEEDS%2FFINANCE%2FData%2Fftv1_vf_billable_lines.out?projection=noAcl&prettyPrint=false: No such object: gk1v-ple-edwdo-0-usre-outbound/MDR_FEEDS/FINANCE/Data/ftv1_vf_billable_lines.out

During handling of the above exception, another exception occurred:

Traceback (most recent call last):
  File "/home/airflow/gcs/dags/vz-it-gk1v-edwdo-0/MDR_Billing/wkfl_FINANCE_100_500_O_FTV_MNTHLY_LIS/taskGroups/wklt_FINANCE_100_500_O_FTV_MNTHLY_LIS/wklt_FINANCE_100_500_O_FTV_MNTHLY_LIS.py", line 351, in gcs_file_processor
    raise FileNotFoundError(f"Data file not available: {init_file_name}. GCS Error: {e}")
FileNotFoundError: Data file not available: ftv1_vf_billable_lines.out. GCS Error: 404 GET https://storage.googleapis.com/storage/v1/b/gk1v-ple-edwdo-0-usre-outbound/o/MDR_FEEDS%2FFINANCE%2FData%2Fftv1_vf_billable_lines.out?projection=noAcl&prettyPrint=false: No such object: gk1v-ple-edwdo-0-usre-outbound/MDR_FEEDS/FINANCE/Data/ftv1_vf_billable_lines.out
[2025-12-16, 07:30:38 UTC] {taskinstance.py:3315} ERROR - Task failed with exception
Traceback (most recent call last):
  File "/home/airflow/gcs/dags/vz-it-gk1v-edwdo-0/MDR_Billing/wkfl_FINANCE_100_500_O_FTV_MNTHLY_LIS/taskGroups/wklt_FINANCE_100_500_O_FTV_MNTHLY_LIS/wklt_FINANCE_100_500_O_FTV_MNTHLY_LIS.py", line 349, in gcs_file_processor
    INIT_FILE_BLOB.reload(client=storage_client)
  File "/opt/python3.11/lib/python3.11/site-packages/google/cloud/storage/_helpers.py", line 303, in reload
    api_response = client._get_resource(
                   ^^^^^^^^^^^^^^^^^^^^^
  File "/opt/python3.11/lib/python3.11/site-packages/google/cloud/storage/client.py", line 474, in _get_resource
    return self._connection.api_request(
           ^^^^^^^^^^^^^^^^^^^^^^^^^^^^^
  File "/opt/python3.11/lib/python3.11/site-packages/google/cloud/storage/_http.py", line 90, in api_request
    return call()
           ^^^^^^
  File "/opt/python3.11/lib/python3.11/site-packages/google/api_core/retry/retry_unary.py", line 294, in retry_wrapped_func
    return retry_target(
           ^^^^^^^^^^^^^
  File "/opt/python3.11/lib/python3.11/site-packages/google/api_core/retry/retry_unary.py", line 156, in retry_target
    next_sleep = _retry_error_helper(
                 ^^^^^^^^^^^^^^^^^^^^
  File "/opt/python3.11/lib/python3.11/site-packages/google/api_core/retry/retry_base.py", line 214, in _retry_error_helper
    raise final_exc from source_exc
  File "/opt/python3.11/lib/python3.11/site-packages/google/api_core/retry/retry_unary.py", line 147, in retry_target
    result = target()
             ^^^^^^^^
  File "/opt/python3.11/lib/python3.11/site-packages/google/cloud/_http/__init__.py", line 494, in api_request
    raise exceptions.from_http_response(response)
google.api_core.exceptions.NotFound: 404 GET https://storage.googleapis.com/storage/v1/b/gk1v-ple-edwdo-0-usre-outbound/o/MDR_FEEDS%2FFINANCE%2FData%2Fftv1_vf_billable_lines.out?projection=noAcl&prettyPrint=false: No such object: gk1v-ple-edwdo-0-usre-outbound/MDR_FEEDS/FINANCE/Data/ftv1_vf_billable_lines.out

During handling of the above exception, another exception occurred:

Traceback (most recent call last):
  File "/opt/python3.11/lib/python3.11/site-packages/airflow/models/taskinstance.py", line 769, in _execute_task
    result = _execute_callable(context=context, **execute_callable_kwargs)
             ^^^^^^^^^^^^^^^^^^^^^^^^^^^^^^^^^^^^^^^^^^^^^^^^^^^^^^^^^^^^^
  File "/opt/python3.11/lib/python3.11/site-packages/airflow/models/taskinstance.py", line 735, in _execute_callable
    return ExecutionCallableRunner(
           ^^^^^^^^^^^^^^^^^^^^^^^^
  File "/opt/python3.11/lib/python3.11/site-packages/airflow/utils/operator_helpers.py", line 252, in run
    return self.func(*args, **kwargs)
           ^^^^^^^^^^^^^^^^^^^^^^^^^^
  File "/opt/python3.11/lib/python3.11/site-packages/airflow/models/baseoperator.py", line 424, in wrapper
    return func(self, *args, **kwargs)
           ^^^^^^^^^^^^^^^^^^^^^^^^^^^
  File "/opt/python3.11/lib/python3.11/site-packages/airflow/decorators/base.py", line 266, in execute
    return_value = super().execute(context)
                   ^^^^^^^^^^^^^^^^^^^^^^^^
  File "/opt/python3.11/lib/python3.11/site-packages/airflow/models/baseoperator.py", line 424, in wrapper
    return func(self, *args, **kwargs)
           ^^^^^^^^^^^^^^^^^^^^^^^^^^^
  File "/opt/python3.11/lib/python3.11/site-packages/airflow/operators/python.py", line 238, in execute
    return_value = self.execute_callable()
                   ^^^^^^^^^^^^^^^^^^^^^^^
  File "/opt/python3.11/lib/python3.11/site-packages/airflow/operators/python.py", line 256, in execute_callable
    return runner.run(*self.op_args, **self.op_kwargs)
           ^^^^^^^^^^^^^^^^^^^^^^^^^^^^^^^^^^^^^^^^^^^
  File "/opt/python3.11/lib/python3.11/site-packages/airflow/utils/operator_helpers.py", line 252, in run
    return self.func(*args, **kwargs)
           ^^^^^^^^^^^^^^^^^^^^^^^^^^
  File "/home/airflow/gcs/dags/vz-it-gk1v-edwdo-0/MDR_Billing/wkfl_FINANCE_100_500_O_FTV_MNTHLY_LIS/taskGroups/wklt_FINANCE_100_500_O_FTV_MNTHLY_LIS/wklt_FINANCE_100_500_O_FTV_MNTHLY_LIS.py", line 351, in gcs_file_processor
    raise FileNotFoundError(f"Data file not available: {init_file_name}. GCS Error: {e}")
FileNotFoundError: Data file not available: ftv1_vf_billable_lines.out. GCS Error: 404 GET https://storage.googleapis.com/storage/v1/b/gk1v-ple-edwdo-0-usre-outbound/o/MDR_FEEDS%2FFINANCE%2FData%2Fftv1_vf_billable_lines.out?projection=noAcl&prettyPrint=false: No such object: gk1v-ple-edwdo-0-usre-outbound/MDR_FEEDS/FINANCE/Data/ftv1_vf_billable_lines.out
[2025-12-16, 07:30:39 UTC] {client.py:118} INFO - OpenLineageClient will use `ComposerTransport` transport
[2025-12-16, 07:30:39 UTC] {composer_transport.py:90} INFO - Sending the event to the Data Lineage OpenLineage API.
[2025-12-16, 07:30:39 UTC] {composer_transport.py:93} INFO - {'eventTime': '2025-12-16T07:30:38.755629+00:00', 'eventType': 'FAIL', 'inputs': [], 'outputs': [], 'job': {'facets': {'gcp_composer_job': {'airflowVersion': '2.10.5+composer', 'composerVersion': '2.14.2', 'dagId': 'dg_gk1v_edwdo_wln_mdr_billing_wkfl_finance_100_500_o_ftv_mnthly_lis', 'environmentName': 'vz-it-ple-wdwg-aidcom-0-cc-edw-1', 'operator': '_PythonDecoratedOperator', 'taskId': 'wklt_FINANCE_100_500_O_FTV_MNTHLY_LIS.cmd_400_sftp_FINANCE_FTV_MNTHLY_LIS'}, 'gcp_lineage': {'displayName': 'Composer Airflow Task vz-it-ple-wdwg-aidcom-0-cc-edw-1.dg_gk1v_edwdo_wln_mdr_billing_wkfl_finance_100_500_o_ftv_mnthly_lis.wklt_FINANCE_100_500_O_FTV_MNTHLY_LIS.cmd_400_sftp_FINANCE_FTV_MNTHLY_LIS', 'origin': {'name': 'projects/vz-it-pr-wdwg-pleaidcom-0/locations/us-east4/environments/vz-it-ple-wdwg-aidcom-0-cc-edw-1', 'sourceType': 'COMPOSER'}}, 'jobType': {'jobType': 'TASK'}}, 'name': 'dg_gk1v_edwdo_wln_mdr_billing_wkfl_finance_100_500_o_ftv_mnthly_lis.wklt_FINANCE_100_500_O_FTV_MNTHLY_LIS.cmd_400_sftp_FINANCE_FTV_MNTHLY_LIS', 'namespace': 'vz-it-ple-wdwg-aidcom-0-cc-edw-1'}, 'run': {'facets': {'gcp_composer_run': {'dagRunId': 'manual__2025-12-16T07:17:47.024081+00:00'}}}}
[2025-12-16, 07:30:39 UTC] {composer_transport.py:109} INFO - response: process=projects/1032455509101/locations/us-east4/processes/6c9014a49c4de1d0505a493bb45fabaa, run=projects/1032455509101/locations/us-east4/processes/6c9014a49c4de1d0505a493bb45fabaa/runs/958a0fa74253b561b97f1882f681f76f
[2025-12-16, 07:30:39 UTC] {adapter.py:164} INFO - Successfully emitted OpenLineage `FAIL` event of id `019b2605-b590-797b-bd25-54261c643f28`
[2025-12-16, 07:30:39 UTC] {taskinstance.py:1227} INFO - Marking task as FAILED. dag_id=dg_gk1v_edwdo_wln_mdr_billing_wkfl_finance_100_500_o_ftv_mnthly_lis, task_id=wklt_FINANCE_100_500_O_FTV_MNTHLY_LIS.cmd_400_sftp_FINANCE_FTV_MNTHLY_LIS, run_id=manual__2025-12-16T07:17:47.024081+00:00, execution_date=20251216T071747, start_date=20251216T073037, end_date=20251216T073038
[2025-12-16, 07:30:39 UTC] {taskinstance.py:341} ▶ Post task execution logs
